Cleared 130 old PNGs

=== Category: superbikes ===
  [1/1] superbikes_001.jpg OK
  [2/2] superbikes_002.jpg OK
  [3/3] superbikes_003.jpg OK
  [4/4] superbikes_004.jpg OK
  [5/5] superbikes_005.jpg OK
  [6/6] superbikes_006.jpg OK
  [7/7] superbikes_007.jpg OK
  [8/8] superbikes_008.jpg OK
  [9/9] superbikes_009.jpg OK
  [10/10] superbikes_010.jpg OK
  [11/11] superbikes_011.jpg OK
  [12/12] superbikes_012.jpg OK
  [13/13] superbikes_013.jpg OK
  [14/14] superbikes_014.jpg OK
  [15/15] superbikes_015.jpg OK

=== Category: cars ===
  [16/16] cars_001.jpg OK
  [17/17] cars_002.jpg OK
  [18/18] cars_003.jpg OK
  [19/19] cars_004.jpg OK
  [20/20] cars_005.jpg OK
  [21/21] cars_006.jpg OK
  [22/22] cars_007.jpg OK
  [23/23] cars_008.jpg OK
  [24/24] cars_009.jpg OK
  [25/25] cars_010.jpg OK
  [26/26] cars_011.jpg OK
  [27/27] cars_012.jpg OK
  [28/28] cars_013.jpg OK
  [29/29] cars_014.jpg OK
  [30/30] cars_015.jpg OK

=== Category: superheroes ===
  [31/31] superheroes_001.jpg OK
  [32/32] superheroes_002.jpg OK
  [33/33] superheroes_003.jpg OK
  [34/34] superheroes_004.jpg OK
  [35/35] superheroes_005.jpg OK
  [36/36] superheroes_006.jpg OK
  [37/37] superheroes_007.jpg OK
  [38/38] superheroes_008.jpg OK
  [39/39] superheroes_009.jpg OK
  [40/40] superheroes_010.jpg OK
  [41/41] superheroes_011.jpg OK
  [42/42] superheroes_012.jpg OK
  [43/43] superheroes_013.jpg OK
  [44/44] superheroes_014.jpg OK
  [45/45] superheroes_015.jpg OK

=== Category: nature ===
  [46/46] nature_001.jpg OK
  [47/47] nature_002.jpg OK
  [48/48] nature_003.jpg OK
  [49/49] nature_004.jpg OK
  [50/50] nature_005.jpg OK
  [51/51] nature_006.jpg OK
  [52/52] nature_007.jpg OK
  [53/53] nature_008.jpg OK
  [54/54] nature_009.jpg OK
  [55/55] nature_010.jpg OK
  [56/56] nature_011.jpg OK
  [57/57] nature_012.jpg OK
  [58/58] nature_013.jpg OK
  [59/59] nature_014.jpg OK
  [60/60] nature_015.jpg OK

=== Category: space ===
  [61/61] space_001.jpg OK
  [62/62] space_002.jpg OK
  [63/63] space_003.jpg OK
  [64/64] space_004.jpg OK
  [65/65] space_005.jpg OK
  [66/66] space_006.jpg OK
  [67/67] space_007.jpg OK
  [68/68] space_008.jpg OK
  [69/69] space_009.jpg OK
  [70/70] space_010.jpg OK
  [71/71] space_011.jpg OK
  [72/72] space_012.jpg OK
  [73/73] space_013.jpg OK
  [74/74] space_014.jpg OK
  [75/75] space_015.jpg OK

=== Category: abstract ===
  [76/76] abstract_001.jpg OK
  [77/77] abstract_002.jpg OK
  [78/78] abstract_003.jpg OK
  [79/79] abstract_004.jpg OK
  [80/80] abstract_005.jpg OK
  [81/81] abstract_006.jpg OK
  [82/82] abstract_007.jpg OK
  [83/83] abstract_008.jpg OK
  [84/84] abstract_009.jpg OK
  [85/85] abstract_010.jpg OK
  [86/86] abstract_011.jpg OK
  [87/87] abstract_012.jpg OK
  [88/88] abstract_013.jpg OK
  [89/89] abstract_014.jpg OK
  [90/90] abstract_015.jpg OK

=== Category: anime ===
  [91/91] anime_001.jpg OK
  [92/92] anime_002.jpg OK
  [93/93] anime_003.jpg OK
  [94/94] anime_004.jpg OK
  [95/95] anime_005.jpg OK
  [96/96] anime_006.jpg OK
  [97/97] anime_007.jpg OK
  [98/98] anime_008.jpg OK
  [99/99] anime_009.jpg OK
  [100/100] anime_010.jpg OK
  [101/101] anime_011.jpg OK
  [102/102] anime_012.jpg OK
  [103/103] anime_013.jpg OK
  [104/104] anime_014.jpg OK
  [105/105] anime_015.jpg OK

=== Category: gaming ===
  [106/106] gaming_001.jpg OK
  [107/107] gaming_002.jpg OK
  [108/108] gaming_003.jpg OK
  [109/109] gaming_004.jpg OK
  [110/110] gaming_005.jpg OK
  [111/111] gaming_006.jpg OK
  [112/112] gaming_007.jpg OK
  [113/113] gaming_008.jpg OK
  [114/114] gaming_009.jpg OK
  [115/115] gaming_010.jpg OK
  [116/116] gaming_011.jpg OK
  [117/117] gaming_012.jpg OK
  [118/118] gaming_013.jpg OK
  [119/119] gaming_014.jpg OK
  [120/120] gaming_015.jpg OK

=== Category: cars_classic ===
  [121/121] cars_classic_001.jpg OK
  [122/122] cars_classic_002.jpg OK
  [123/123] cars_classic_003.jpg OK
  [124/124] cars_classic_004.jpg OK
  [125/125] cars_classic_005.jpg OK
  [126/126] cars_classic_006.jpg OK
  [127/127] cars_classic_007.jpg OK
  [128/128] cars_classic_008.jpg OK
  [129/129] cars_classic_009.jpg OK
  [130/130] cars_classic_010.jpg OK
  [131/131] cars_classic_011.jpg OK
  [132/132] cars_classic_012.jpg OK
  [133/133] cars_classic_013.jpg OK
  [134/134] cars_classic_014.jpg OK
  [135/135] cars_classic_015.jpg OK

=== Category: superbikes_stunt ===
